{"ts": "2025-11-18T15:21:30.609442Z", "level": "INFO", "event": "API.CLIENT.INIT", "event_code": "EVT-PM-001", "trace_id": "TRC-20251118152130-8dc2f2496a5d", "service": "polymarket_api", "msg": "Polymarket Gamma API 客户端初始化完成", "extra": {"base_url": "https://gamma-api.polymarket.com", "timeout": 30, "proxy_enabled": false}}
{"ts": "2025-11-18T15:21:40.877609Z", "level": "INFO", "event": "API.MARKET.ACTIVE", "event_code": "API.MARKET.ACTIVE", "trace_id": "TRC-20251118152130-8dc2f2496a5d", "service": "polymarket_api", "msg": "获取活跃市场"}
{"ts": "2025-11-18T15:21:40.880612Z", "level": "INFO", "event": "API.MARKET.FETCH", "event_code": "EVT-PM-005", "trace_id": "TRC-20251118152130-8dc2f2496a5d", "service": "polymarket_api", "msg": "获取市场列表", "extra": {"params": {"limit": 10, "closed": "false"}}}
{"ts": "2025-11-18T15:21:40.882612Z", "level": "INFO", "event": "API.REQUEST.START", "event_code": "EVT-PM-002", "trace_id": "TRC-20251118152130-8dc2f2496a5d", "service": "polymarket_api", "msg": "开始 API 请求", "extra": {"url": "https://gamma-api.polymarket.com/markets", "params": {"limit": 10, "closed": "false"}}}
{"ts": "2025-11-18T15:21:46.814776Z", "level": "INFO", "event": "API.REQUEST.SUCCESS", "event_code": "EVT-PM-003", "trace_id": "TRC-20251118152130-8dc2f2496a5d", "service": "polymarket_api", "msg": "API 请求成功", "extra": {"url": "https://gamma-api.polymarket.com/markets", "status_code": 200, "response_size": 52192}}
{"ts": "2025-11-18T15:21:46.816778Z", "level": "INFO", "event": "API.MARKET.FETCH", "event_code": "EVT-PM-005", "trace_id": "TRC-20251118152130-8dc2f2496a5d", "service": "polymarket_api", "msg": "市场列表获取完成", "extra": {"count": 10}}
{"ts": "2025-11-18T15:22:17.299115Z", "level": "INFO", "event": "ANALYSIS.INIT", "event_code": "ANALYSIS.INIT", "trace_id": "TRC-20251118152130-8dc2f2496a5d", "service": "polymarket_api", "msg": "分析任务管理器初始化完成", "extra": {"initial_delay": 300, "polling_interval": 60, "max_timeout": 3600, "max_retries": 3, "max_validation_retries": 3, "max_concurrent_tasks": 10}}
{"ts": "2025-11-18T15:22:18.857242Z", "level": "INFO", "event": "ANALYSIS.WORKERS.START", "event_code": "ANALYSIS.WORKERS.START", "trace_id": "TRC-20251118152130-8dc2f2496a5d", "service": "polymarket_api", "msg": "启动工作协程", "extra": {"num_workers": 3}}
{"ts": "2025-11-18T15:22:18.859242Z", "level": "INFO", "event": "ANALYSIS.WORKERS.STOP", "event_code": "ANALYSIS.WORKERS.STOP", "trace_id": "TRC-20251118152130-8dc2f2496a5d", "service": "polymarket_api", "msg": "停止工作协程"}
{"ts": "2025-11-20T15:36:28.631951Z", "level": "INFO", "event": "ANALYSIS.INIT", "event_code": "ANALYSIS.INIT", "trace_id": "TRC-20251120153628-7b8d1e851a16", "service": "deep_analysis", "msg": "分析任务管理器初始化完成", "extra": {"initial_delay": 300, "polling_interval": 60, "max_timeout": 3600, "max_retries": 3, "max_validation_retries": 3, "max_concurrent_tasks": 10}}
{"ts": "2025-11-20T15:36:28.632947Z", "level": "INFO", "event": "ANALYSIS.WORKERS.START", "event_code": "ANALYSIS.WORKERS.START", "trace_id": "TRC-20251120153628-7b8d1e851a16", "service": "deep_analysis", "msg": "启动工作协程", "extra": {"num_workers": 1}}
{"ts": "2025-11-20T15:36:28.633930Z", "level": "INFO", "event": "ANALYSIS.TASK.SUBMIT", "event_code": "ANALYSIS.TASK.SUBMIT", "trace_id": "TRC-20251120153628-7b8d1e851a16", "service": "deep_analysis", "msg": "提交分析任务", "extra": {"task_id": "TASK-20251120233628-4727a24c", "queue_size": 1}}
{"ts": "2025-11-20T15:36:28.633930Z", "level": "INFO", "event": "ANALYSIS.GPT.REQUEST", "event_code": "ANALYSIS.GPT.REQUEST", "trace_id": "TRC-20251120153628-7b8d1e851a16", "service": "deep_analysis", "msg": "发送 GPT 分析请求", "extra": {"task_id": "TASK-20251120233628-4727a24c", "prompt_length": 2111}}
{"ts": "2025-11-20T15:38:12.053322Z", "level": "ERROR", "event": "ANALYSIS.GPT.FAILED", "event_code": "ANALYSIS.GPT.FAILED", "trace_id": "TRC-20251120153628-7b8d1e851a16", "service": "deep_analysis", "msg": "GPT 请求失败", "error_code": "E-ANALYSIS-001", "extra": {"task_id": "TASK-20251120233628-4727a24c", "error": "HTTPSConnectionPool(host='cc01.plusai.io', port=443): Read timed out.", "status_code": null, "response_text": ""}}
{"ts": "2025-11-20T15:49:09.150536Z", "level": "INFO", "event": "ANALYSIS.INIT", "event_code": "ANALYSIS.INIT", "trace_id": "TRC-20251120154909-afd7a34e4fd7", "service": "deep_analysis", "msg": "分析任务管理器初始化完成", "extra": {"initial_delay": 100, "polling_interval": 60, "max_timeout": 3600, "max_retries": 3, "max_validation_retries": 3, "max_concurrent_tasks": 10}}
{"ts": "2025-11-20T15:49:09.151532Z", "level": "INFO", "event": "ANALYSIS.WORKERS.START", "event_code": "ANALYSIS.WORKERS.START", "trace_id": "TRC-20251120154909-afd7a34e4fd7", "service": "deep_analysis", "msg": "启动工作协程", "extra": {"num_workers": 1}}
{"ts": "2025-11-20T15:49:09.151532Z", "level": "INFO", "event": "ANALYSIS.TASK.SUBMIT", "event_code": "ANALYSIS.TASK.SUBMIT", "trace_id": "TRC-20251120154909-afd7a34e4fd7", "service": "deep_analysis", "msg": "提交分析任务", "extra": {"task_id": "TASK-20251120234909-9729805a", "queue_size": 1}}
{"ts": "2025-11-20T15:49:09.152533Z", "level": "INFO", "event": "ANALYSIS.GPT.REQUEST", "event_code": "ANALYSIS.GPT.REQUEST", "trace_id": "TRC-20251120154909-afd7a34e4fd7", "service": "deep_analysis", "msg": "发送 GPT 分析请求", "extra": {"task_id": "TASK-20251120234909-9729805a", "prompt_length": 2111}}
{"ts": "2025-11-20T15:52:09.340046Z", "level": "ERROR", "event": "ANALYSIS.GPT.FAILED", "event_code": "ANALYSIS.GPT.FAILED", "trace_id": "TRC-20251120154909-afd7a34e4fd7", "service": "deep_analysis", "msg": "GPT 请求失败", "error_code": "E-ANALYSIS-001", "extra": {"task_id": "TASK-20251120234909-9729805a", "error": "HTTPSConnectionPool(host='cc01.plusai.io', port=443): Read timed out.", "status_code": null, "response_text": ""}}
{"ts": "2025-11-20T16:17:48.998251Z", "level": "INFO", "event": "API.CLIENT.INIT", "event_code": "EVT-PM-001", "trace_id": "TRC-20251120161748-b940722763f2", "service": "polymarket_api", "msg": "Polymarket Gamma API 客户端初始化完成", "extra": {"base_url": "https://gamma-api.polymarket.com", "timeout": 30, "proxy_enabled": false}}
{"ts": "2025-11-20T16:17:55.561093Z", "level": "INFO", "event": "API.REQUEST.START", "event_code": "EVT-PM-002", "trace_id": "TRC-20251120161748-b940722763f2", "service": "polymarket_api", "msg": "开始 API 请求", "extra": {"url": "https://gamma-api.polymarket.com/events/19720", "params": {}}}
{"ts": "2025-11-20T16:18:01.247019Z", "level": "INFO", "event": "API.REQUEST.SUCCESS", "event_code": "EVT-PM-003", "trace_id": "TRC-20251120161748-b940722763f2", "service": "polymarket_api", "msg": "API 请求成功", "extra": {"url": "https://gamma-api.polymarket.com/events/19720", "status_code": 200, "response_size": 37531}}
{"ts": "2025-11-20T16:18:01.249027Z", "level": "INFO", "event": "API.EVENT.MARKETS", "event_code": "API.EVENT.MARKETS", "trace_id": "TRC-20251120161748-b940722763f2", "service": "polymarket_api", "msg": "获取事件市场完成", "extra": {"event_id": 19720, "market_count": 9}}
{"ts": "2025-11-20T16:20:28.983212Z", "level": "INFO", "event": "POSITION.ALLOCATE.START", "event_code": "EVT-POS-001", "trace_id": "TRC-20251120161748-b940722763f2", "service": "polymarket_api", "msg": "开始仓位分配（Pro版本）", "extra": {"market_count": 9, "M_cents": 100, "kappa": 0.7, "locked_cents": 0, "xi": 0.5, "shrink_with_a": true}}
{"ts": "2025-11-20T16:32:08.445422Z", "level": "INFO", "event": "API.CLIENT.INIT", "event_code": "EVT-PM-001", "trace_id": "TRC-20251120163208-847f767eb49b", "service": "polymarket_api", "msg": "Polymarket Gamma API 客户端初始化完成", "extra": {"base_url": "https://gamma-api.polymarket.com", "timeout": 30, "proxy_enabled": false}}
{"ts": "2025-11-20T16:32:15.517962Z", "level": "INFO", "event": "API.REQUEST.START", "event_code": "EVT-PM-002", "trace_id": "TRC-20251120163208-847f767eb49b", "service": "polymarket_api", "msg": "开始 API 请求", "extra": {"url": "https://gamma-api.polymarket.com/events/19720", "params": {}}}
{"ts": "2025-11-20T16:32:21.284836Z", "level": "INFO", "event": "API.REQUEST.SUCCESS", "event_code": "EVT-PM-003", "trace_id": "TRC-20251120163208-847f767eb49b", "service": "polymarket_api", "msg": "API 请求成功", "extra": {"url": "https://gamma-api.polymarket.com/events/19720", "status_code": 200, "response_size": 37469}}
{"ts": "2025-11-20T16:32:21.284836Z", "level": "INFO", "event": "API.EVENT.MARKETS", "event_code": "API.EVENT.MARKETS", "trace_id": "TRC-20251120163208-847f767eb49b", "service": "polymarket_api", "msg": "获取事件市场完成", "extra": {"event_id": 19720, "market_count": 9}}
{"ts": "2025-11-20T16:33:02.658856Z", "level": "INFO", "event": "POSITION.ALLOCATE.START", "event_code": "EVT-POS-001", "trace_id": "TRC-20251120163208-847f767eb49b", "service": "polymarket_api", "msg": "开始仓位分配（Pro版本）", "extra": {"market_count": 9, "M_cents": 100, "kappa": 0.7, "locked_cents": 0, "xi": 0.5, "shrink_with_a": true}}
{"ts": "2025-11-20T16:35:53.620582Z", "level": "WARN", "event": "POSITION.CONVERT.FAILED", "event_code": "EVT-POS-005", "trace_id": "TRC-20251120163208-847f767eb49b", "service": "polymarket_api", "msg": "市场数据转换失败", "extra": {"market_id": "525557", "error": "string indices must be integers, not 'str'", "error_type": "TypeError"}}
{"ts": "2025-11-20T16:35:54.190589Z", "level": "WARN", "event": "POSITION.CONVERT.FAILED", "event_code": "EVT-POS-005", "trace_id": "TRC-20251120163208-847f767eb49b", "service": "polymarket_api", "msg": "市场数据转换失败", "extra": {"market_id": "525599", "error": "string indices must be integers, not 'str'", "error_type": "TypeError"}}
{"ts": "2025-11-20T16:35:54.191601Z", "level": "WARN", "event": "POSITION.CONVERT.FAILED", "event_code": "EVT-POS-005", "trace_id": "TRC-20251120163208-847f767eb49b", "service": "polymarket_api", "msg": "市场数据转换失败", "extra": {"market_id": "525559", "error": "string indices must be integers, not 'str'", "error_type": "TypeError"}}
{"ts": "2025-11-20T16:35:54.192594Z", "level": "WARN", "event": "POSITION.CONVERT.FAILED", "event_code": "EVT-POS-005", "trace_id": "TRC-20251120163208-847f767eb49b", "service": "polymarket_api", "msg": "市场数据转换失败", "extra": {"market_id": "525561", "error": "string indices must be integers, not 'str'", "error_type": "TypeError"}}
{"ts": "2025-11-20T16:35:54.193593Z", "level": "WARN", "event": "POSITION.CONVERT.FAILED", "event_code": "EVT-POS-005", "trace_id": "TRC-20251120163208-847f767eb49b", "service": "polymarket_api", "msg": "市场数据转换失败", "extra": {"market_id": "525562", "error": "string indices must be integers, not 'str'", "error_type": "TypeError"}}
{"ts": "2025-11-20T16:35:54.194594Z", "level": "WARN", "event": "POSITION.CONVERT.FAILED", "event_code": "EVT-POS-005", "trace_id": "TRC-20251120163208-847f767eb49b", "service": "polymarket_api", "msg": "市场数据转换失败", "extra": {"market_id": "525563", "error": "string indices must be integers, not 'str'", "error_type": "TypeError"}}
{"ts": "2025-11-20T16:35:54.194594Z", "level": "WARN", "event": "POSITION.CONVERT.FAILED", "event_code": "EVT-POS-005", "trace_id": "TRC-20251120163208-847f767eb49b", "service": "polymarket_api", "msg": "市场数据转换失败", "extra": {"market_id": "525558", "error": "string indices must be integers, not 'str'", "error_type": "TypeError"}}
{"ts": "2025-11-20T16:35:54.195589Z", "level": "WARN", "event": "POSITION.CONVERT.FAILED", "event_code": "EVT-POS-005", "trace_id": "TRC-20251120163208-847f767eb49b", "service": "polymarket_api", "msg": "市场数据转换失败", "extra": {"market_id": "525560", "error": "string indices must be integers, not 'str'", "error_type": "TypeError"}}
{"ts": "2025-11-20T16:35:54.196594Z", "level": "WARN", "event": "POSITION.CONVERT.FAILED", "event_code": "EVT-POS-005", "trace_id": "TRC-20251120163208-847f767eb49b", "service": "polymarket_api", "msg": "市场数据转换失败", "extra": {"market_id": "525564", "error": "string indices must be integers, not 'str'", "error_type": "TypeError"}}
{"ts": "2025-11-20T16:35:54.196594Z", "level": "ERROR", "event": "POSITION.ALLOCATE.NO_MARKETS", "event_code": "POSITION.ALLOCATE.NO_MARKETS", "trace_id": "TRC-20251120163208-847f767eb49b", "service": "polymarket_api", "msg": "没有有效的市场数据", "error_code": "E-POS-001", "error_name": "NO_VALID_MARKETS"}
{"ts": "2025-11-23T08:52:12.907650Z", "level": "INFO", "event": "EVT-1003", "event_code": "EVT-1003", "trace_id": "TRC-20251123085212-cae99c3ca625", "service": "voidpoly", "msg": "全局事件注册完成", "extra": {"total_events": "65+", "total_errors": "34+"}}
{"ts": "2025-11-23T08:52:12.911639Z", "level": "INFO", "event": "EVT-HC-001", "event_code": "EVT-HC-001", "trace_id": "TRC-20251123085212-cae99c3ca625", "service": "voidpoly", "msg": "健康检查器初始化完成", "extra": {"check_interval": 60, "endpoints_count": 3}}
{"ts": "2025-11-23T08:52:12.911639Z", "level": "INFO", "event": "EVT-HC-004", "event_code": "EVT-HC-004", "trace_id": "TRC-20251123085212-cae99c3ca625", "service": "voidpoly", "msg": "开始健康检查", "extra": {"endpoints_count": 3}}
{"ts": "2025-11-23T08:52:23.923662Z", "level": "WARN", "event": "EVT-HC-006", "event_code": "EVT-HC-006", "trace_id": "TRC-20251123085212-cae99c3ca625", "service": "voidpoly", "msg": "端点检查失败", "extra": {"endpoint_name": "Data API", "url": "https://data-api.polymarket.com/", "error_message": "请求超时（10秒）", "latency_ms": 10016.98}}
{"ts": "2025-11-23T08:52:23.924666Z", "level": "WARN", "event": "EVT-HC-006", "event_code": "EVT-HC-006", "trace_id": "TRC-20251123085212-cae99c3ca625", "service": "voidpoly", "msg": "端点检查失败", "extra": {"endpoint_name": "CLOB API", "url": "https://clob.polymarket.com/", "error_message": "请求超时（10秒）", "latency_ms": 10975.04}}
{"ts": "2025-11-23T08:52:23.924666Z", "level": "WARN", "event": "EVT-HC-006", "event_code": "EVT-HC-006", "trace_id": "TRC-20251123085212-cae99c3ca625", "service": "voidpoly", "msg": "端点检查失败", "extra": {"endpoint_name": "Gamma API", "url": "https://gamma-api.polymarket.com/", "error_message": "请求超时（10秒）", "latency_ms": 10975.04}}
{"ts": "2025-11-23T08:52:23.925663Z", "level": "INFO", "event": "EVT-HC-007", "event_code": "EVT-HC-007", "trace_id": "TRC-20251123085212-cae99c3ca625", "service": "voidpoly", "msg": "健康检查完成", "extra": {"total_endpoints": 3, "success_count": 0, "failed_count": 3, "avg_latency_ms": 0}}
{"ts": "2025-11-23T08:52:23.927663Z", "level": "INFO", "event": "EVT-HC-013", "event_code": "EVT-HC-013", "trace_id": "TRC-20251123085212-cae99c3ca625", "service": "voidpoly", "msg": "健康检查器已启动", "extra": {"check_interval": 60}}
{"ts": "2025-11-23T08:52:23.927663Z", "level": "INFO", "event": "EVT-HC-008", "event_code": "EVT-HC-008", "trace_id": "TRC-20251123085212-cae99c3ca625", "service": "voidpoly", "msg": "定时健康检查循环启动", "extra": {"check_interval": 60}}
{"ts": "2025-11-23T08:52:23.928665Z", "level": "INFO", "event": "EVT-HC-004", "event_code": "EVT-HC-004", "trace_id": "TRC-20251123085212-cae99c3ca625", "service": "voidpoly", "msg": "开始健康检查", "extra": {"endpoints_count": 3}}
{"ts": "2025-11-23T08:52:27.114392Z", "level": "INFO", "event": "EVT-HC-009", "event_code": "EVT-HC-009", "trace_id": "TRC-20251123085212-cae99c3ca625", "service": "voidpoly", "msg": "定时健康检查循环被取消"}
{"ts": "2025-11-23T08:52:27.115396Z", "level": "INFO", "event": "EVT-HC-011", "event_code": "EVT-HC-011", "trace_id": "TRC-20251123085212-cae99c3ca625", "service": "voidpoly", "msg": "定时健康检查循环已停止"}
